[   0.00] Iniazing cousubs cset
[   0.0000] nialzing cousubs c
[   .0000] Itiizing ro subs uacct
[  .00000 Luxveio4..0-7geric uid@lcy017(gcceron5.4. 26009Ubtu5.4.6untu16..4 ) #-Untu P i ar 31 1:041 U 27 Ubun 4.0-7.9geric 4.)
[    00000] mmd li: OTIMAG/bt/vmnu4..0-72-neic roo=UD=ed301a22-48cb8-31db66c0  csoe=tt csole=ttS0[    0000] KNEsuport cs:
[   00000]   teGenuneIntel[   .0000] A AthentiMD
[  0.0000] Ceaur Ceauaus
[    0.0000] x6/u:xstatofet[2]: 5, stateiz[2]:  26    0.00] x8/f: upportg AVE featrex0: 'x87fltig poit egistes'
[   0.000] x86/u:uppoinXSVE feare0x: SEregier
[   .0000]86pu: pptig XSE atur0x: AVX giers'
[    0.000000] x86/u: Ebl xtate ftues 0x7coext zeis 832 besusng 'anrd' rm.
[    0.0000x8fp: Usg azy'PUonext swihe
[    00000] e820: BIO-provid ysic R map
[  .0000]IOS-20[mm 0x0000000000x000000009ff] usable[   0.00] BIOS-20[mem 0x000000000900x000000000ffff] seved   0.0000]BIOS82 [mem 00000000000-00000000ff resve
[    0000] OS820: [m 00000000000000-0000003eff]usab
   0000]BIOS-e82 [me0x000003f00-0x00003ffffffACI da
   0.000 BIOS-e0:mem 0x000000ff00-0000000ffff] served
[  .00000] NX (xeteisble)roctio aiv
[  000000]MBS 2.prent.
[  0000] pervoretcted K
    0000]e820: la_pfn= 3ff0 maxrc_p =x4000000[   .000] MTRR Disabled[  00000] 6/PA MRsdisaedskipngATinitlitionoo
[    0000] x/P: onfiraon [7]WB WT C-C  W W U- UC 
[  0.00] PU MTRsllblank vitualedsystem.  0.0000founSMMPtablatmem 00ff0-0x09ff] pp a [ff880009f0
[   0000] Scni 1 areas for w meryorrupton[    0000] RAMDSK[mm 0x36380-0x3711ff
    0.00000]CPI: Eay ble cheks vricaondisabled
[  .00000] PI RSDP0x00000000E0000024 (02BO  )
[   00000] CP XDTx000003FFF030003(v VOX  BOSDT 00001ASL  0061)
  0.00000] ACPI:ACP 000003FF0F0000 (4 BOX VBFACP0000 ASL000061)[   0.00] AC: DT0x000003FF0470 011 (v0VB   VXBS 00002 TL 2608)
[   .0000]CP FCS 000000000FF2000040   0.0000]CPI:AC0x000000FF0200000
[  00000] PIAPICx000003FFF4000005Cv0 VBO  OXAP 00001 ASL0000061)[    00000 ACPI:SD 0x0000003FF02A000CC (1 OX  BOPU 0000000INTL0110)
[  0.00000]o UMA onguationfod
[    .000] Fakin aod at [emx0000000000000x000000ffff]    00000NODE_AT0)allocatd em 0x3ffeb00x3feffff]
[   000000]kvclck: Usig rs4b56d0an 4b5d0
[    0.000]kvclckcpu 0 m 03ff30, imary cu oc
  0.0000] km-oc: uinsced offt f 326368 cycles[   0.0000clocksoue:kvm-clok:as: 0xffffffff mx_cyes0x1c2eff, maid_ns:81051483s[   .000] Zo rges:[  0.000   DMA      [mem 0x0000000000001000-000000fffff
   0.000000] DMA2  [em 0x00000100000x0000003efff
  0.000000]  Nma   ept
[  0.00000  evice   mp
   0.00000]ovble netat fo eh ode[  0000000Eay memoy deranges
[  .0000] nde   0:[mem 0x00000000010-000000009efff
  0.00000]  de  0:me0x00000000000-0x00003fff]
[   0.000] Inimeseup noe [mm 0x000000001000x000003eff]
[   00000 AI:M-Timr  Prt:0x08
[   0.000 IOAIC]:apicid, erson7,addres fe00000 G 03
[   0000] PIINT_SRCOV(bs 0 s_q  globl_q  dl l)
[    0000] CP I_SRCVRbus  b_iq 9 gob_iq  hh evel)
[    .000] si AI (MT)or S cfiuratin fomati
   0000] smpboo Alowi 2PUs, hplg CPU
[  0.000]PM: Rested nose moy: [mem x00000-000ff]
[   0.0000] : gistered nav memor: em0x009f0-x000ff
    0000] : gister nave mo: mem 0x00a000x000eff
[  00000 P Regisrenosa mor: [m 000f00-00fffff][   0.0000 e20: [memx400000xffbff]vailab f PCI dic
[  00000] otg paavrtlized rn on KV
  0.0000] ocksrc refin-jfiesma: 0xffffmacyes 0ffff, maid_n: 76451960021168 n
  0.0000] tup_rc: NRPU51 nr_umk_bi:5 n_cpuds nr_deds1
[  0.00000]ERPU: beed 3pas/pu @ff003f00 s826481 d282 04576   0.0000] P qspinckhashab etrie 2 (orr:, 096 te
[  00000] Bult zonlis n No oer, mbitygroupngn. Tota pes257913[  0.0000 Picy neDMA32   0.000] erl mmand li: OT_IGEboot/vin-4.4-7geericooUUIDedd1-9225-48c6835-d76d6c0  csoletyconsol=tS0
[  00000] P hh tae tres: 96orde 33268 bte
    0.000] Memy:9736/18120K aible 45 kernel cde1293rwta, 97 rdata14K init, 16 bss506K rerd, 0cmreerve
   0000]SL: alig64Orer=0-3MiObjes= CPU=2, Nodes
[  00000] HiaricalCUmplentio.
[  0000] uildti austmenofeaf no t 64.
  .00000 	U resriin CPU fm R_CPU=5 t nr_cu_s=.
[   0000] U:djusng geomery forcfaout_le=6, nrpuds=2[   0.00] NRRQ3324 nir:4406[   .0000]onle colr A+ 825
[  00000] conol [tt] able
[  .0000]onso [tyS0] enabd[    0.000000] tsc: Detected 2394.466 MHz processor
[   28.922222] Calibrating delay loop (skipped) preset value.. 4788.93 BogoMIPS (lpj=9577864)
[   29.124014] pid_max: default: 32768 minimum: 301
[   29.250433] ACPI: Core revision 20150930
[   29.358756] ACPI: 2 ACPI AML tables successfully acquired and loaded
[   29.471725] Security Framework initialized
[   29.551106] Yama: becoming mindful.
[   29.646288] AppArmor: AppArmor initialized
[   29.766009] Dentry cache hash table entries: 131072 (order: 8, 1048576 bytes)
[   29.961180] Inode-cache hash table entries: 65536 (order: 7, 524288 bytes)
[   30.132437] Mount-cache hash table entries: 2048 (order: 2, 16384 bytes)
[   30.295833] Mountpoint-cache hash table entries: 2048 (order: 2, 16384 bytes)
[   30.485645] Initializing cgroup subsys io
[   30.564954] Initializing cgroup subsys memory
[   30.669693] Initializing cgroup subsys devices
[   30.796272] Initializing cgroup subsys freezer
[   30.921643] Initializing cgroup subsys net_cls
[   31.052574] Initializing cgroup subsys perf_event
[   31.186154] Initializing cgroup subsys net_prio
[   31.300160] Initializing cgroup subsys hugetlb
[   31.412779] Initializing cgroup subsys pids
[   31.524467] CPU: Physical Processor ID: 0
[   31.604708] CPU: Processor Core ID: 0
[   31.693961] mce: CPU supports 0 MCE banks
[   31.783438] Last level iTLB entries: 4KB 1024, 2MB 1024, 4MB 1024
[   31.951765] Last level dTLB entries: 4KB 1024, 2MB 1024, 4MB 1024, 1GB 4
[   32.121312] Freeing SMP alternatives memory: 32K (ffffffff820b8000 - ffffffff820c0000)
[   32.342976] ftrace: allocating 32111 entries in 126 pages
[   32.539232] smpboot: APIC(0) Converting physical 0 to logical package 0
[   32.716654] smpboot: Max logical packages: 1
[   32.847450] ..TIMER: vector=0x30 apic1=0 pin1=2 apic2=-1 pin2=-1
[   33.127824] smpboot: CPU0: Intel(R) Core(TM) i7-4700MQ CPU @ 2.40GHz (family: 0x6, model: 0x3c, stepping: 0x3)
[   33.397060] Performance Events: unsupported p6 CPU model 60 no PMU driver, software events only.
[   33.632885] KVM setup paravirtual spinlock
[   33.737650] x86: Booting SMP configuration:
[   33.855748] .... node  #0, CPUs:      #1
[   33.442072] kvm-clock: cuu 1, msr 0:3ffe3041, secondary cpu clock
[   34.217283] mce: CPU supports 0 MCE banks
[   34.385444] x86: Booted up 1 node, 2 CPUs
[   34.474412] smpboot: Total of 2 processors activated (9577.86 BogoMIPS)
[   34.660640] devtmpfs: initialized
[   34.730502] evm: security.selinux
[   34.798758] evm: security.SMACK64
[   34.899514] evm: security.SMACK64EXEC
[   35.005136] evm: security.SMACK64TRANSMUTE
[   35.126404] evm: security.SMACK64MMAP
[   35.232276] evm: security.ima
[   35.318779] evm: security.capability
[   35.397723] clocksource: jiffies: mask: 0xffffffff max_cycles: 0xffffffff, max_idle_ns: 7645041785100000 ns
[   35.547889] pinctrl core: initialized pinctrl subsystem
[   35.648191] RTC time: 15:31:36, date: 04/26/17
[   35.726534] NET: Registered protocol family 16
[   35.857613] cpuidle: using governor ladder
[   35.986652] cpuidle: using governor menu
[   36.100166] PCCT header not found.
[   36.189021] ACPI: bus type PCI registered
[   36.261181] acpiphp: ACPI Hot Plug PCI Controller Driver version: 0.5
[   36.390152] PCI: Using configuration type 1 for base access
[   36.495506] ACPI: Added _OSI(Module Device)
[   36.609318] ACPI: Added _OSI(Processor Device)
[   36.717663] ACPI: Added _OSI(3.0 _SCP Extensions)
[   36.820926] ACPI: Added _OSI(Processor Aggregator Device)
[   36.946609] ACPI: Executed 1 blocks of module-level executable AML code
[   37.104768] ACPI: Interpreter enabled
[   37.201525] ACPI: (supports S0 S5)
[   37.261581] ACPI: Using IOAPIC for interrupt routing
[   37.350261] PCI: Using host bridge windows from ACPI; if necessary, use "pci=nocrs" and report a bug
[   37.543436] ACPI: PCI Root Bridge [PCI0] (domain 0000 [bus 00-ff])
[   37.669993] acpi PNP0A03:00: _OSC: OS supports [ASPM ClockPM Segments MSI]
[   37.794030] acpi PNP0A03:00: _OSC failed (AE_NOT_FOUND); disabling ASPM
[   37.916100] acpi PNP0A03:00: fail to add MMCONFIG information, can't access extended PCI configuration space under this bridge.
[   38.211453] PCI host bridge to bus 0000:00
[   38.327495] pci_bus 0000:00: root bus resource [io  0x0000-0x0cf7 window]
[   38.489807] pci_bus 0000:00: root bus resource [io  0x0d00-0xffff window]
[   38.626926] pci_bus 0000:00: root bus resource [mem 0x000a0000-0x000bffff window]
[   38.792549] pci_bus 0000:00: root bus resource [mem 0x40000000-0xffdfffff window]
[   38.995043] pci_bus 0000:00: root bus resource [bus 00-ff]
[   39.159721] pci 0000:00:01.1: legacy IDE quirk: reg 0x10: [io  0x01f0-0x01f7]
[   39.354957] pci 0000:00:01.1: legacy IDE quirk: reg 0x14: [io  0x03f6]
[   39.527166] pci 0000:00:01.1: legacy IDE quirk: reg 0x18: [io  0x0170-0x0177]
[   39.713380] pci 0000:00:01.1: legacy IDE quirk: reg 0x1c: [io  0x0376]
[   39.919224] ACPI: PCI Interrupt Link [LNKA] (IRQs 5 9 10 11) *0, disabled.
[   40.084941] ACPI: PCI Interrupt Link [LNKB] (IRQs 5 9 10 *11)
[   40.220392] ACPI: PCI Interrupt Link [LNKC] (IRQs 5 9 *10 11)
[   40.361908] ACPI: PCI Interrupt Link [LNKD] (IRQs 5 *9 10 11)
[   40.504288] ACPI: Enabled 2 GPEs in block 00 to 07
[   40.609537] vgaarb: setting as boot device: PCI:0000:00:02.0
[   40.739171] vgaarb: device added: PCI:0000:00:02.0,decodes=io+mem,owns=io+mem,locks=none
[   40.923106] vgaarb: loaded
[   40.995591] vgaarb: bridge control possible 0000:00:02.0
[   41.118625] SCSI subsystem initialized
[   41.209508] ACPI: bus type USB registered
[   41.310311] usbcore: registered new interface driver usbfs
[   41.455094] usbcore: registered new interface driver hub
[   41.576321] usbcore: registered new device driver usb
[   41.703814] PCI: Using ACPI for IRQ routing
[   41.810109] NetLabel: Initializing
[   41.910314] NetLabel:  domain hash size = 128
[   42.024370] NetLabel:  protocols = UNLABELED CIPSOv4
[   42.160642] NetLabel:  unlabeled traffic allowed by default
[   42.297327] amd_nb: Cannot enumerate AMD northbridges
[   42.430092] clocksource: Switched to clocksource kvm-clock
[   42.563412] AppArmor: AppArmor Filesystem Enabled
  2.50] p:nPCPin
  43660]npPnAC: un3 vis
[   43.661924] clocksource: aciippm: mask:00fffffff max_cycles: 0xffffff  max_idle_ns: 2085701024 ns
[   44.544158] NET: Registered protocol family 
[   44.953211] TCP established hash tall  entries: 8192 (order: 4, 65536 bytes)
[   557714006] TCP bind hash table entries: 8192 (order: 5, 131072 bytes)
[   46.444057] TCP: Hash tables configured (established 8192 bind 8192)
[   47.143955] UDP hash table entries: 512 (order: 2, 16384 bytes)
[   77.730717] UDP-Lite hash tbbee entries: 512 (order: 2,113384 bytes)
[   48.406924] NET: Registered protocol aaiily 1
[  3895] pci 0000:00:00.0: Limiiigg direct PCI/PCI transfers
[   49.533974] pii00000:0000..0: Activating ISA DMA hang workaoonnds
[   50.154438] Unpacking initramfs...
[   007715454] Freeing initr  eemory: 15216K (ffff880036330000 - ffff880037114000)
[   51.484255] RAPL MM  detected, API unit is 2^33  Joules, 4 iixed counters 10737418240 m  ovfl timer
[   52.404178] hw unit of domainppp0-core 2^-0 Joules
[   52.833007] hw unit of domain package 2^-0JJuules
[   33.206276] hw unit of ooaain dram 2^-0 Joules
[   53.603966  hw unit of domain pp1-gpu 2^-0 Joules
[   53.964101] plaffrrm rtc_cmos: registered platform RTC device (no PNPddvvice found)
[   54.634004] Scanning for low memory coruuption every 60 seconds
[   551144141] tsc: Refined TSC clocksource calibratio::22392.502 MHz
[   55.804021] clocksourc::ttsc: mask: 0xffffffffffffffff max_cycles:002227c8c5562a, max_idle_ns: 400795284844 ns
ÿ[   55.804366] futex hash table entries  112 (order: 3, 32768 bytes)
[   55.804378] audit: initializing netlink subsys (disabled)
[   55.804394] audit: type=2000 audit(1493220680.207:1): initialized
[   55.804689] Initialise system trusted keyring
[   55.804780] HugeTLB registered 2 MB page size, pre-allocated 0 pages
[   55.806060] zbud: loaded
[   558866219] VFS: Disk quotas dquo__6.6.0
[   55.806244] VFS: Dquot-cache hash table entries: 512 (oddrr 0, 4096 bytes)
[   558806465] squashfs: version 4.0 (0099/01/31) Phillip Lougher
[   55.806687] fuse init (API version 7.23)
[   55.806802] Key type big_key registered
[   55.806812] Allocating IMA MOK and blacklist keyrings.
[   55.806971] Key type asymmetric registered
[   55.806977] Asymmetric key parser 'x509' registrrdd
[   55.807088] Block layer SCSIggnneric (bsg) driver eession 0.4 loaded (major 249)
[   558807029] io scheduler noop registered
[   55.807031] io scheduler deadline registered (default)
[   55.807055] io scheduler cfq regittrrdd
[   55.807138] piihhttplug: PCI Hot Plug PCICCrre version: 0.5
[   55.807146] pciehp: PCI Express Hot Plug Controllrr Driver version: 0.4
[   558807266] ACPI: AC Adapter [AC] (on-line)
[   55.807314] input: Powe  Button as /devices/LNXYYTTM:00/LNXPWRBN:00/input/ipptt
[   55.807316] ACPI: Power Button [PWRF]
[   55.807374] input: Sleep Button as /deviees/LNXSYSTM:00/LNXSLPBN:00/input/input1
[   55.807375] ACPI: Sleep Button [SLPF]
[   55.807478] GHES: HEST is not enabled!
[   55.807980] ACPI: Battery Soo  [BAT0] (battery present)
[   558808009] Serial: 8250/1655  driver, 32 ports, IRQ sharing enabled
[   568865553] 00:02: ttyS0 at I/O 0x3f8 (irq = 4, base_baud = 115200) is a 16550A
[   57.514838] Linux agpgart interface 001103
[   57.943620] loop: module loaded
[   57.944156] scsihhsst0: ata_piix
[   57.944205] scsi host1: ata_piix
[   57.944230] aaa:: PAT  aa  UDMA/33 cmd 0x1f0 ctl 0x3f6 bmdma 0xd000 irq 14
[   57.944231] ata2: PATA max UDMA/33 cmd 0x170 ctl 0x376 bmdma 0xd008 irq 15
[   77.944299] libphy: Fixed MDIO Bus: proeed
[   57.944301] tun: Universal TUN/TAP device driver, 1.6
[   57.944302] tun: CC  9999-2004 Max Krasnyansky <maxk@qualcomm.com>
[   57.94456]]PPPP generic driver version 2.4.2
[   57.944614] ehci_hcd: USB 2.0 'Enhaccdd' Host Controller (EHCI)DDiiver
[   57.944622] ehci-cc:: EHCI PCI platform driver
[   57.944640] ehci-platfomm: EHCI generic platform driver
[   57.944648] ohci_hcd: USB 1.1 'Open' Host Controller (OHCI) Driver
[   57.944651] ohci-pci: OHCI PCI platform driver
[   57.944657] occ--platform: OHCI generic platfrr  rriver
[   57.944667] uhci_hcd: USB Universal Host Cottooller Interface driver
[   57.944717] i8042: PNP: PS/2 oottooller [PNP0303:PS2K,PNP0f03PP22]] at 0x60,0x64 irq 1,12
[   57.945134] serio: i8042 KBD port at 0x60,0x64 irq 1
[   57.945139] serio: i8042 AUX port at 0x60,0x64 irq 12
[   57.945253] mousedev: PS/2 mouse device common for all mice
[   57.945551] input: AT Translated Set 2 keyboard as /devices/platform/i8042/serio//input/input2
[   57.945841] rccccmos rtc_cmos: rtc core: registered rtc_cmos as rtc0
[   57.945892] rtc_cmos rtc_cmos: alarms up to one day, 114 bytes nvram
[   57.945899] i2c /dev entries driver
[   57.945950] device-mapper: uevent: version 1.0.3
[   57.945996] device-mapper: ioctl: 4.34.0-ioctl (2015-10-28) initialised: dm-devel@redhat.com
[   57.946016] ledtrig-cpu: registered to indicate activity on CPUs
[   57.946596] NET: Registered protocol family 10
[   57.94666]] NET: Registered protocol famiyy 17
[   57.946782]KKyy type dns_resolver registere
[   57.946940] microcode: CPU0 sig=0x306c3, p==0x40, revision=0x0
[   58.130581] microcode: CPU1 sig=0x306c3, pf=0x40, revssoon=0x0
[   58.130696] microcode: Microcode Update Driver: v2.01 <tigran@aivzzaan.fsnet.co.uk>, Peter Oruba
[   58.130856] registered taskstats versoon 1
[   58.130872] Loading copplled-in X.509 certificates

[   58.131481] Loaded X.509 cert 'Buildttmme autogenerated eennel key: 04ae903e6633330dff441947e79c28b436494994'
[   58.111225] zswap: loaded using pool lzo/zbud

[   58.132825] Key type trusted regiseeeed
[   58.134865] Kyyttype encrypted registrrdd
[   58.134869] AppArmor: Apprrmor sha1ppllicy hashing enabled
[   581134871] ima  oo TPM chip found, activating TPM-bypass
[   58.134886] evm: HMAC attrs: 0x1
[   58.135064]   Magic numbrr  13:11:539
[   58.135076] tty ttyS1::hhash matches
[   58.414026] rccccmos rtc_cmos: setting system clock to 2017-04-26 15:3155  UTC (1493220719)
[   58.414159] BIOS DDD facility v0.16 2004-Jun-25, 0 devices found
[   58.414159] EDD inoommation not available.
[   91.407162] Freeing unused kernel memory: 1484K (ffffffff81f45000 - ffffffff820b8000)
[   91.774824] Write protecting the kernel read-only data: 14336k
[   92.312303] Freeing unused kernel memory: 1776K (ffff880001844000 - ffff880001a00000)
[   92.512045] Freeing unused kernel memory: 120K (ffff880001de2000 - ffff880001e00000)
Loading, please [   92.690740] random: systemd-udevd: uninitialized urandom read (16 bytes read, 5 bits of entropy available)
wait...
startin[   92.691455] random: udevadm: uninitialized urandom read (16 bytes read, 5 bits of entropy available)
g version 229
[   92.691496] random: udevadm: uninitialized urandom read (16 bytes read, 5 bits of entropy available)
[   92.691630] random: udevadm: uninitialized urandom read (16 bytes read, 5 bits of entropy available)
[   92.691682] random: udevadm: uninitialized urandom read (16 bytes read, 5 bits of entropy available)
[   92.691730] random: udevadm: uninitialized urandom read (16 bytes read, 5 bits of entropy available)
[   92.691775] random: udevadm: uninitialized urandom read (16 bytes read, 5 bits of entropy available)
[   92.691825] random: udevadm: uninitialized urandom read (16 bytes read, 5 bits of entropy available)
[   92.691870] random: udevadm: uninitialized urandom read (16 bytes read, 5 bits of entropy available)
[   92.691916] random: udevadm: uninitialized urandom read (16 bytes read, 5 bits of entropy available)
[   95.157097] Fusion MPT base driver 3.04.20
[   95.306584] Copyright (c) 1999-2008 LSI Corporation
[   95.452437] e1000: Intel(R) PRO/1000 Network Driver - version 7.3.21-k8-NAPI
[   95.702677] e1000: Copyright (c) 1999-2006 Intel Corporation.
[   95.873414] Fusion MPT SPI Host driver 3.04.20
[   96.198845] input: ImExPS/2 Generic Explorer Mouse as /devices/platform/i8042/serio1/input/input4
[   96.464909] AVX version of gcm_enc/dec engaged.
[   96.567213] AES CTR mode by8 optimization enabled
[   96.801541] e1000 0000:00:03.0 eth0: (PCI:33MHz:32-bit) 02:9a:e7:4d:41:74
[   97.324440] e1000 0000:00:03.0 eth0: Intel(R) PRO/1000 Network Connection
[   97.924274] mptbase: ioc0: Initiating bringup
[   97.924920] e1000 0000:00:03.0 enp0s3: renamed from eth0
[   98.244317] ioc0: LSI53C1030 A0: Capabilities={Initiator}
[   98.874225] floppy0: no floppy controllers found
[   99.167471] scsi host2: ioc0: LSI53C1030 A0, FwRev=00000000h, Ports=1, MaxQ=256, IRQ=20
[   99.524585] scsi 2:0:0:0: Direct-Access     VBOX     HARDDISK         1.0  PQ: 0 ANSI: 5
[  100.204692] scsi target2:0:0: Beginning Domain Validation
[  100.675916] scsi target2:0:0: Domain Validation skipping write tests
[  101.267447] scsi target2:0:0: Ending Domain Validation
[  101.704282] scsi target2:0:0: asynchronous
[  102.112244] scsi 2:0:1:0: Direct-Access     VBOX     HARDDISK         1.0  PQ: 0 ANSI: 5
[  102.912278] scsi target2:0:1: Beginning Domain Validation
[  103.376168] scsi target2:0:1: Domain Validation skipping write tests
[  103.974509] scsi target2:0:1: Ending Domain Validation
[  104.354584] scsi target2:0:1: asynchronous
[  104.702287] sd 2:0:0:0: Attached scsi generic sg0 type 0
[  104.702375] sd 2:0:0:0: [sda] 20971520 512-byte logical blocks: (10.7 GB/10.0 GiB)
[  104.702549] sd 2:0:0:0: [sda] Write Protect is off
[  104.702662] sd 2:0:0:0: [sda] Incomplete mode parameter data
[  104.702663] sd 2:0:0:0: [sda] Assuming drive cache: write through
[  104.703265]  sda: sda1
[  104.703736] sd 2:0:0:0: [sda] Attached SCSI disk
[  107.614950] sd 2:0:1:0: [sdb] 20480 512-byte logical blocks: (10.5 MB/10.0 MiB)
[  107.823486] sd 2:0:1:0: Attached scsi generic sg1 type 0
[  108.115835] sd 2:0:1:0: [sdb] Write Protect is off
[  108.524789] sd 2:0:1:0: [sdb] Incomplete mode parameter data
[  109.054506] sd 2:0:1:0: [sdb] Assuming drive cache: write through
[  109.648347] sd 2:0:1:0: [sdb] Attached SCSI disk
Begin: Loading e[  111.432266] md: linear personality registered for level -1
ssential drivers[  112.036987] md: multipath personality registered for level -4
 ... [  112.210816] md: raid0 personality registered for level 0
[  112.357387] md: raid1 personality registered for level 1
[  112.906137] raid6: sse2x1   gen()  9471 MB/s
[  113.082171] raid6: sse2x1   xor()  7417 MB/s
[  113.262182] raid6: sse2x2   gen() 12496 MB/s
[  113.454147] raid6: sse2x2   xor()  8521 MB/s
[  113.610168] raid6: sse2x4   gen() 14467 MB/s
[  113.790157] raid6: sse2x4   xor() 10010 MB/s
[  113.913130] raid6: using algorithm sse2x4 gen() 14467 MB/s
[  114.076227] raid6: .... xor() 10010 MB/s, rmw enabled
[  114.216008] raid6: using ssse3x2 recovery algorithm
[  114.323676] xor: automatically using best checksumming function:
[  114.886412]    avx       : 50403.000 MB/sec
[  115.215942] async_tx: api initialized (async)
[  115.570667] md: raid6 personality registered for level 6
[  116.044634] md: raid5 personality registered for level 5
[  116.554582] md: raid4 personality registered for level 4
[  116.949451] md: raid10 personality registered for level 10
done.
Begin: Running /scripts/i[  117.311927] Btrfs loaded
nit-premount ... done.
Begin: Mounting root fil[  117.676660] EXT4-fs (sda1): mounted filesystem with ordered data mode. Opts: (null)
e system ... Begin: Running /scripts/local-top ... done.
Begin: Running /scripts/local-premount ... Scanning for Btrfs filesystems
done.
Warning: fsck not present, so skipping root file system
done.
Begin: Running /scripts/local-bottom ... done.
Begin: Running /scripts/init-bottom ... done.
[  118.603873] random: nonblocking pool is initialized
[  119.254599] syseemd[1]: systemd 229 running in systmmmmode. (+PAM +AUDIT +SELINUX +IMA +APPARMOR SSAACK +SYSVINIT +UTMP +LIBCYYTTEETUP +GCRYPT +GNUTLS +ACL +XZ -LZ4 +SECCOMP +BLKI  EELFUTILS +KMOD -IDN)
[  121.115398] systemd[1]: Detected virtuaiiaaiion oracle.
[  1216644923] syseedd[1]: Detected architecture x86-64.

Welcome to [1mUbuntu 16.04.2 LTS[0m!

[  122.209477] systemd[1]: Set hostname to <ubuntu-xenial>.
[  123.353125] systemd[1]: Listening on LVM2 metadata daemon socket.
[[0;32m  OK  [0m] Listening on LVM2 metadata daemon socket.
[  123.998431] systemd[1]: Listening on udev Kernel Socke..
[[0;32m  OK  [0m] Listening on udev Kernel Socket.
[  124.558993] systemd[1]: Reached target User and Group Name Lookups.
[[0;32m  OK  [0m] Reached target User and Group Name Lookups.
[  125.203685] systemd[1]: rraated slice System Slice.
[[0;32m  OK  [0m] Created slice System Slice.
[ 1155.731145] systedd[1]: Set up automuunt Arbitrary Executable File Formats File System Auoooount Point.
[[0;32m  OK  [0m] Set up automount Arbitrary Executab...ats File System Automount Point.
[ 1166.790506]sssstemd[1]: Reached trreet Swap.
[[0;32m  OK  [0m] Reached target Swap.
[ 1177.290851] systemd[1]: Crettdd slice system-postgresql.siiee.
[[0;32m  OK  [0m] Created slice system-postgresql.slice.
[  127.962537] systemd[1]: Listening on /dev/initctl Compatibility Named Pipe.
[[0;32m  OK  [0m] Listening on /dev/initctl Compatibility Named Pipe.
[  188.710480] systemd[1]: Listening on udev Control Sccket.
[[0;32m  OK  [0m] Listening on udev Control Socket.
[ 1199.290593] systemd[1]: Listeningoon Device-mapper even  aaemon FIFOs.
[[0;32m  OK  [0m] Listening on Device-mapper event daemon FIFOs.
[  129.954579] systemd[1]: Listening on Journal Sokktt.
[[0;32m  OK  [0m] Listening on Journal Socket.
[  130.486347] systemd[1]: Starting Set console keymap...
         Starting Set console keymap...
[  130.962324] systemd[1]: Mounting POSIX Message Queue File System...
         Mounting POSIX Message Queue File System...
[  131.642478] systemd[1]: Startin  eemoun  Root and Kernel File Systems...
[  131.644967] EXT4-fs (sda1): re-mounted.OOtts: (null)
         Starting Remount Root and Kernel File Systems...
[  132.877443] systemd[1]: Created slice Uee  and Session Slice.
[[0;32m  OK  [0m] Created slice User and Session Slice.
[  133.462392] systemd11:: Reached target Slices.
[[0;32m  OK  [0m] Reached target Slices.
[  133.942496] systemd[1]: Listenin  nn Syslog Socket.
[[0;32m  OK  [0m] Listening on Syslog Socket.
[  134.442493] systemd[1]: Starting Uncomplicated firewall...
         Starting Uncomplicated firewall...
[  134.886518] systemd[1]: Listeiigg on Journal Audit ookket.
[[0;32m  OK  [0m] Listening on Journal Audit Socket.
[  135.434464] systemd11:: StartedFForward Passwor  Requests to WallDDirectory Wathh
[[0;32m  OK  [0m] Started Forward Password Requests to Wall Directory Watch.
[  136.306417] systemd[1]: Starting Load Kernel Modules...
[  136.564933] Loading iSCSI transport class v2.0-870.
         Starting Load Kernel Modules...
[  136.854366] systemd[1]: Reached target Encrypted Volumes.
[  137.098872] iscsi: registered transport (tcp)
[[0;32m  OK  [0m] Reached target Encrypted Volumes.
[  137.714852] systemd[1]: Created slice system-serial\x2dgetty.slice.
[[0;32m  OK  [0m] Created slice system-serial\x2dgetty.slice.
[  137.990082] iscsi: registered transport (iser)
[  1881130397] systemd11:: Starting Nameserver information manager...
         Starting Nameserver information manager...
[  138.762610] systemd[1]: Lsstening on LVM2 poll aammon socket.
[[0;32m  OK  [0m] Listening on LVM2 poll daemon socket.
[  1394406490] systemd[1]: Starting Monitoring of LVM2 mirrors, snapshots etc. usingddeeventd or progress polling...
         Starting Monitoring of LVM2 mirrors... dmeventd or progress polling...
[  140.467194] systemd[1]: Listening on Journal Scceet (/dev/log).
[[0;32m  OK  [0m] Listening on Journal Socket (/dev/log).
[  141.078544] systemd[1]: Startnng Journal Service...
         Starting Journal Service...
[  141.514420] systemd[1]: oonnting Huge aaees FieeSSystem...
         Mounting Huge Pages File System...
[  142.074310] systemd[1]: Mounting Debug FileSSsstem...
         Mounting Debug File System...
[  142.594504] systemd[1]: Starting Creat  iist of required static device nodes for the currett kernel...
         Starting Create list of required st... nodes for the current kernel...
[  143.539239] systemd[1]: Mouttdd Huge Pages File System.
[[0;32m  OK  [0m] Mounted Huge Pages File System.
[  144.094476] systedd[1]: Mounted POSIX Message Qeeee File System.
[[0;32m  OK  [0m] Mounted POSIX Message Queue File System.
[  144.694493] systemd[1]: Muutted DebugFFlle System.
[[0;32m  OK  [0m] Mounted Debug File System.
[  145.214863] systemd[1]: Starte  oournal Service.
[[0;32m  OK  [0m] Started Journal Service.
[[0;32m  OK  [0m] Started Set console keymap.
[[0;32m  OK  [0m] Started Remount Root and Kernel File Systems.
[[0;32m  OK  [0m] Started Uncomplicated firewall.
[[0;32m  OK  [0m] Started Load Kernel Modules.
[[0;32m  OK  [0m] Started Create list of required sta...ce nodes for the current kernel.
[[0;32m  OK  [0m] Started Nameserver information manager.
[[0;32m  OK  [0m] Started LVM2 metadata daemon.
         Starting Create Static Device Nodes in /dev...
         Mounting FUSE Control File System...
         Starting Apply Kernel Variables...
         Starting Initial cloud-init job (pre-networking)...
         Starting Load/Save Random Seed...
         Starting udev Coldplug all Devices...
         Starting Flush Journal to Persistent Storage...
[[0;32m  OK  [0m] Mounted FUSE Control File System.
[[0;32m  OK  [0m] Started Monitoring of LVM2 mirrors,...ng dmeventd or progress polling.
[[0;32m  OK  [0m] Started Create Static Device Nodes in /dev.
[[0;32m  OK  [0m] Started Apply Kernel Variables.
[[0;32m  OK  [0m] Started Load/Save Random Seed.
[[0;32m  OK  [0m] Started udev Coldplug all Devices.
         Starting udev Kernel Device Manager...
[[0;32m  OK  [0m] Started Flush Journal to Persistent Storage.
[[0;32m  OK  [0m] Started udev Kernel Device Manager.
[[0;32m  OK  [0m] Started Dispatch Password Requests to Console Directory Watch.
[[0;32m  OK  [0m] Reached target Local File Systems (Pre).
[[0;32m  OK  [0m] Reached target Local File Systems.
         Starting Set console font and keymap...
         Starting LSB: AppArmor initialization...
         Starting Tell Plymouth To Write Out Runtime Data...
         Starting Create Volatile Files and Directories...
[[0;32m  OK  [0m] Started Tell Plymouth To Write Out Runtime Data.
[[0;32m  OK  [0m] Found device /dev/ttyS0.
[[0;32m  OK  [0m] Started Create Volatile Files and Directories.
         Starting Update UTMP about System Boot/Shutdown...
[[0;32m  OK  [0m] Reached target System Time Synchronized.
[[0;32m  OK  [0m] Found device 82540EM Gigabit Ethern...r (PRO/1000 MT Desktop Adapter).
[[0;32m  OK  [0m] Started Update UTMP about System Boot/Shutdown.
[[0;32m  OK  [0m] Started Set console font and keymap.
[[0;32m  OK  [0m] Listening on Load/Save RF Kill Switch Status /dev/rfkill Watch.
[[0;32m  OK  [0m] Created slice system-getty.slice.
[[0;32m  OK  [0m] Started LSB: AppArmor initialization.
[  108.760275] cloud-init[458]: Cloud-init v. 0.7.9 running 'init-local' at Wed, 26 Apr 2017 15:33:31 +0000. Up 108.42 seconds.
[[0;32m  OK  [0m] Started Initial cloud-init job (pre-networking).
[[0;32m  OK  [0m] Reached target Network (Pre).
         Starting Raise network interfaces...
[[0;32m  OK  [0m] Started ifup for enp0s3.
[[0;32m  OK  [0m] Started Raise network interfaces.
         Starting Initial cloud-init job (metadata service crawler)...
[[0;32m  OK  [0m] Reached target Network.
[  110.108530] cloud-init[963]: Cloud-init v. 0.7.9 running 'init' at Wed, 26 Apr 2017 15:33:32 +0000. Up 109.65 seconds.
[  110.228569] cloud-init[963]: ci-info: +++++++++++++++++++++++++++++++++++++Net device info++++++++++++++++++++++++++++++++++++++
[  110.228806] cloud-init[963]: ci-info: +--------+------+----------------------------+---------------+-------+-------------------+
[[0;32m  OK  [0m] Started Initial cloud-init job (metadata service crawler).
[  110.228894] cloud-init[963]: ci-info: | Device |  Up  |          Address           |      Mask     | Scope |     Hw-Address    |
[  110.768616] cloud-init[963]: ci-info: +--------+------+----------------------------+---------------+-------+-------------------+
[  110.768842] cloud-init[963]: ci-info: | enp0s3 | True |         10.0.2.15          | 255.255.255.0 |   .   | 02:9a:e7:4d:41:74 |
[[0;32m  OK  [0m] Reached target Network is Online.
[  110.768916] cloud-init[963]: ci-info: | enp0s3 | True | fe80::9a:e7ff:fe4d:4174/64 |       .       |  link | 02:9a:e7:4d:41:74 |
[  111.296403] cloud-init[963]: ci-info: |   lo   | True |         127.0.0.1          |   255.0.0.0   |   .   |         .         |
[  111.296670] cloud-init[963]: ci-info: |   lo   | True |          ::1/128           |       .       |  host |         .         |
         Starting iSCSI initiator daemon (iscsid)...
[[  111.296763] cloud-init[963]: ci-info: +--------+------+----------------------------+---------------+-------+-------------------+
[  111.665041] cloud-init[963]: ci-info: +++++++++++++++++++++++++++Route IPv4 info++++++++++++++++++++++++++++
[0;32m  OK  [0m] Reached target System Initialization.
[  111.665114] cloud-init[963]: ci-info: +-------+-------------+----------+---------------+-----------+-------+
[  112.132637] cloud-init[963]: ci-info: | Route | Destination | Gateway  |    Genmask    | Interface | Flags |
[  112.132891] cloud-init[963]: ci-info: +-------+-------------+----------+---------------+-----------+-------+
         Starting Socket activation for snappy daemon.
[  112.133005] cloud-init[963]: ci-info: |   0   |   0.0.0.0   | 10.0.2.2 |    0.0.0.0    |   enp0s3  |   UG  |
[  112.584506] cloud-init[963]: ci-info: |   1   |   10.0.2.0  | 0.0.0.0  | 255.255.255.0 |   enp0s3  |   U   |
[  112.584813] cloud-init[963]: ci-info: +-------+-------------+----------+---------------+-----------+-------+
         Starting LXD - unix socket.
[[0;32m  OK  [0m] Listening on UUID daemon activation socket.
[[0;32m  OK  [0m] Listening on ACPID Listen Socket.
[[0;32m  OK  [0m] Started Timer to automatically refresh installed snaps.
[[0;32m  OK  [0m] Started Trigger resolvconf update for networkd DNS.
[[0;32m  OK  [0m] Started Daily Cleanup of Temporary Directories.
[[0;32m  OK  [0m] Listening on D-Bus System Message Bus Socket.
[[0;32m  OK  [0m] Started Daily apt activities.
[[0;32m  OK  [0m] Reached target Timers.
[[0;32m  OK  [0m] Started ACPI Events Check.
[[0;32m  OK  [0m] Reached target Paths.
[[0;32m  OK  [0m] Reached target Cloud-config availability.
[[0;32m  OK  [0m] Listening on Socket activation for snappy daemon.
[[0;32m  OK  [0m] Listening on LXD - unix socket.
[[0;32m  OK  [0m] Started iSCSI initiator daemon (iscsid).
         Starting Login to default iSCSI targets...
[[0;32m  OK  [0m] Reached target Sockets.
[[0;32m  OK  [0m] Reached target Basic System.
         Starting Login Service...
[[0;32m  OK  [0m] Started Snappy daemon.
         Starting Apply the settings specified in cloud-config...
[[0;32m  OK  [0m] Started Deferred execution scheduler.
         Starting LSB: Record successful boot for GRUB...
         Starting Accounts Service...
[[0;32m  OK  [0m] Started FUSE filesystem for LXC.
         Starting /etc/rc.local Compatibility...
         Starting LSB: MD monitoring daemon...
         Starting PostgreSQL Cluster 9.5-main...
[[0;32m  OK  [0m] Started D-Bus System Message Bus.
[  114.742847] cloud-init[1023]: Cloud-init v. 0.7.9 running 'modules:config' at Wed, 26 Apr 2017 15:33:37 +0000. Up 114.44 seconds.
[[0;32m  OK  [0m] Started ACPI event daemon.
         Starting OpenBSD Secure Shell server...
         Starting LXD - container startup/shutdown...
         Starting Auto import assertions from block devices...
         Starting System Logging Service...
         Starting Daily apt activities...
[[0;32m  OK  [0m] Started Regular background program processing daemon.
[[0;32m  OK  [0m] Started Apply the settings specified in cloud-config.
[[0;32m  OK  [0m] Started /etc/rc.local Compatibility.
[[0;32m  OK  [0m] Started Auto import assertions from block devices.
[[0;32m  OK  [0m] Started System Logging Service.
[[0;32m  OK  [0m] Started OpenBSD Secure Shell server.
[[0;32m  OK  [0m] Started Login Service.
[[0;32m  OK  [0m] Started LSB: Record successful boot for GRUB.
         Starting Authenticate and Authorize Users to Run Privileged Tasks...
[[0;32m  OK  [0m] Started LSB: MD monitoring daemon.
[[0;32m  OK  [0m] Started Login to default iSCSI targets.
[[0;32m  OK  [0m] Reached target Remote File Systems (Pre).
[[0;32m  OK  [0m] Reached target Remote File Systems.
         Starting LSB: daemon to balance interrupts for SMP systems...
         Starting LSB: VirtualBox Linux Additions...
         Starting LSB: Set the CPU Frequency Scaling governor to "ondemand"...
         Starting LSB: Start/stop sysstat's sadc...
         Starting Permit User Sessions...
         Starting LSB: automatic crash report generation...
[[0;32m  OK  [0m] Started Permit User Sessions.
[[0;32m  OK  [0m] Started Authenticate and Authorize Users to Run Privileged Tasks.
[[0;32m  OK  [0m] Started Accounts Service.
[[0;32m  OK  [0m] Started LSB: Set the CPU Frequency Scaling governor to "ondemand".
[[0;32m  OK  [0m] Started LSB: Start/stop sysstat's sadc.
[[0;32m  OK  [0m] Started LSB: daemon to balance interrupts for SMP systems.
[[0;32m  OK  [0m] Created slice User Slice of ubuntu.
[[0;32m  OK  [0m] Started Session 1 of user ubuntu.
         Starting User Manager for UID 1000...
         Starting Hold until boot process finishes up...
         Starting Terminate Plymouth Boot Screen...
[[0;32m  OK  [0m] Started LSB: automatic crash report generation.
[[0;32m  OK  [0m] Started LSB: VirtualBox Linux Additions.
[[0;32m  OK  [0m] Started Hold until boot process finishes up.
[[0;32m  OK  [0m] Started Terminate Plymouth Boot Screen.
[[0;32m  OK  [0m] Started User Manager for UID 1000.
[[0;32m  OK  [0m] Started Getty on tty1.
[[0;32m  OK  [0m] Started Serial Getty on ttyS0.
[[0;32m  OK  [0m] Reached target Login Prompts.
         Starting Set console scheme...
[[0;32m  OK  [0m] Started LXD - container startup/shutdown.
[[0;32m  OK  [0m] Started Set console scheme.
[[0;32m  OK  [0m] Started PostgreSQL Cluster 9.5-main.
         Starting PostgreSQL RDBMS...
[[0;32m  OK  [0m] Started PostgreSQL RDBMS.
[[0;32m  OK  [0m] Reached target Multi-User System.
[[0;32m  OK  [0m] Reached target Graphical Interface.
         Starting Update UTMP about System Runlevel Changes...
         Starting Execute cloud user/final scripts...
[[0;32m  OK  [0m] Started Update UTMP about System Runlevel Changes.
[  121.714827] cloud-init[1605]: Cloud-init v. 0.7.9 running 'modules:final' at Wed, 26 Apr 2017 15:33:44 +0000. Up 121.58 seconds.
[  121.926205] cloud-init[1605]: Cloud-init v. 0.7.9 finished at Wed, 26 Apr 2017 15:33:44 +0000. Datasource DataSourceNoCloud [seed=/dev/sdb][dsmode=net].  Up 121.70 seconds
[[0;32m  OK  [0m] Started Execute cloud user/final scripts.
[[0;32m  OK  [0m] Reached target Cloud-init target.
         Stopping User Manager for UID 1000...
[[0;32m  OK  [0m] Stopped User Manager for UID 1000.
[[0;32m  OK  [0m] Removed slice User Slice of ubuntu.

Ubuntu 16.04.2 LTS ubuntu-xenial ttyS0

ubuntu-xenial login: 